// Vitest Snapshot v1, https://vitest.dev/guide/snapshot.html

exports[`DashboardTotals > should render 1`] = `
<div>
  <div
    class="_totals_2ad399"
  >
    <div>
      <div
        class="_date_2ad399"
      >
        MAR 2020
      </div>
      <div
        class="_sumContainer_2ad399"
      >
        <span
          class="_currencySymbol_2ad399"
        >
          $
        </span>
         
        <span
          class="_sum_2ad399"
        >
          0
        </span>
      </div>
    </div>
    <div>
      <div
        class="_date_2ad399"
      >
        1 year
      </div>
      <div
        class="_sumContainer_2ad399"
      >
        <span
          class="_currencySymbol_2ad399"
        >
          $
        </span>
         
        <span
          class="_sum_2ad399"
        >
          600
        </span>
      </div>
    </div>
  </div>
</div>
`;
